// Jest Snapshot v1, https://goo.gl/fbAQLP

exports[`HomePage Component should match the snapshot 1`] = `
Array [
  <h1
    id="recently-added"
  >
    Recently Added
  </h1>,
  <div
    className="row"
  />,
]
`;
