// Jest Snapshot v1, https://goo.gl/fbAQLP

exports[`should render correctly 1`] = `
<div
  className="justify-content-center mb-4 nav"
  onKeyDown={[Function]}
  style={
    Object {
      "backgroundColor": "#f8f8f8",
    }
  }
>
  <div
    className="nav-item"
  >
    <a
      aria-disabled={true}
      className="nav-link disabled"
      data-rb-event-key={null}
      href="#"
      onClick={[Function]}
      onKeyDown={[Function]}
      role="button"
      tabIndex={-1}
    >
      Sign In
    </a>
  </div>
  <div
    className="nav-item"
  >
    <a
      aria-disabled={true}
      className="nav-link disabled"
      data-rb-event-key={null}
      href="#"
      onClick={[Function]}
      onKeyDown={[Function]}
      role="button"
      tabIndex={-1}
    >
      Shipping
    </a>
  </div>
  <div
    className="nav-item"
  >
    <a
      aria-disabled={true}
      className="nav-link disabled"
      data-rb-event-key={null}
      href="#"
      onClick={[Function]}
      onKeyDown={[Function]}
      role="button"
      tabIndex={-1}
    >
      Payment
    </a>
  </div>
  <div
    className="nav-item"
  >
    <a
      aria-disabled={true}
      className="nav-link disabled"
      data-rb-event-key={null}
      href="#"
      onClick={[Function]}
      onKeyDown={[Function]}
      role="button"
      tabIndex={-1}
    >
      Place Order
    </a>
  </div>
</div>
`;
