// Jest Snapshot v1, https://goo.gl/fbAQLP

exports[`should render correctly 1`] = `
<footer>
  <div
    className="container"
  >
    <div
      className="row"
    >
      <div
        className="text-center py-3 col"
      >
        Copyright Â© greenBay Industries
      </div>
    </div>
  </div>
</footer>
`;
